-------------------------------------------------------------------------------
      name:  <unnamed>
       log:  c:\Users\wb532966\eb-local\seminar-coding-with-ai-demo-prep/Data/T
> emp/03_construct.log
  log type:  text
 opened on:   5 Feb 2026, 09:45:29

. 
. use "${temp}/survey_merged.dta", clear

. 
. // Create PPP-adjusted welfare variable
. // Deflate by CPI to 2021 prices, convert to PPP, adjust for spatial costs
. gen welfare_ppp = welfare / cpi2021 / icp2021 * spat_def

. 
. save "${final}/survey_analysis.dta", replace
(file
    c:\Users\wb532966\eb-local\seminar-coding-with-ai-demo-prep/Data/Final/su
    > rvey_analysis.dta not found)
file
    c:\Users\wb532966\eb-local\seminar-coding-with-ai-demo-prep/Data/Final/su
    > rvey_analysis.dta saved

. 
. log close
      name:  <unnamed>
       log:  c:\Users\wb532966\eb-local\seminar-coding-with-ai-demo-prep/Data/T
> emp/03_construct.log
  log type:  text
 closed on:   5 Feb 2026, 09:45:30
-------------------------------------------------------------------------------
