-------------------------------------------------------------------------------
      name:  <unnamed>
       log:  c:\Users\wb532966\eb-local\seminar-coding-with-ai-demo-prep/Data/T
> emp/05_analysis_national.log
  log type:  text
 opened on:   5 Feb 2026, 09:45:30

. 
. use "${final}/survey_analysis.dta", clear

. 
. // Count observations
. gen obs = 1

. collapse (count) n=obs ///
>          (mean) age_mean=age lit_mean=literacy wel_mean=welfare_ppp ///
>          (sd) age_sd=age lit_sd=literacy wel_sd=welfare_ppp, ///
>          by(year)

. 
. tempfile desc_national

. save `desc_national'
file
    C:\Users\wb532966\AppData\Local\Temp\stata_worker_default_f5t1lbbx\ST_6e8
    > 4_000007.tmp saved as .dta format

. 
. // Count households
. use "${final}/survey_analysis.dta", clear

. gen first_member = 1

. bysort year hhid: replace first_member = 0 if _n > 1
(35810 real changes made)

. collapse (sum) hhsize=first_member, by(year)

. 
. merge 1:1 year using `desc_national', nogenerate

    Result                      Number of obs
    -----------------------------------------
    Not matched                             0
    Matched                                 2  
    -----------------------------------------

. 
. tempfile desc_complete

. save `desc_complete'
file
    C:\Users\wb532966\AppData\Local\Temp\stata_worker_default_f5t1lbbx\ST_6e8
    > 4_000008.tmp saved as .dta format

. 
. // Poverty and inequality metrics
. use "${final}/survey_analysis.dta", clear

. 
. bysort year: egen median_welfare = median(welfare_ppp)

. gen poverty_line = median_welfare * 0.4

. gen poor = (welfare_ppp < poverty_line)

. 
. gen poverty_gap_temp = (poverty_line - welfare_ppp) / poverty_line if poor ==
>  1
(47,111 missing values generated)

. replace poverty_gap_temp = 0 if poor == 0
(47,111 real changes made)

. 
. sort year welfare_ppp

. bysort year: gen rank = _n

. bysort year: gen n_obs = _N

. bysort year: egen sum_welfare = sum(welfare_ppp)

. gen gini_weight = (2 * rank - n_obs - 1) * welfare_ppp

. bysort year: egen sum_gini_weight = sum(gini_weight)

. gen gini = sum_gini_weight / (n_obs * sum_welfare)

. 
. bysort year: egen mean_welfare = mean(welfare_ppp)

. gen welfare_ratio = welfare_ppp / mean_welfare

. gen theil_component = welfare_ratio * ln(welfare_ratio)

. replace theil_component = 0 if missing(theil_component)
(0 real changes made)

. 
. collapse (mean) pov_rate=poor pov_gap=poverty_gap_temp ///
>          gini_index=gini theil_index=theil_component, ///
>          by(year)

. 
. merge 1:1 year using `desc_complete', nogenerate

    Result                      Number of obs
    -----------------------------------------
    Not matched                             0
    Matched                                 2  
    -----------------------------------------

. 
. order year n hhsize age_mean age_sd lit_mean lit_sd wel_mean wel_sd ///
>       pov_rate pov_gap gini_index theil_index

. 
. save "${tables}/table3_national.dta", replace
(file
    c:\Users\wb532966\eb-local\seminar-coding-with-ai-demo-prep/Output/Tables
    > /table3_national.dta not found)
file
    c:\Users\wb532966\eb-local\seminar-coding-with-ai-demo-prep/Output/Tables
    > /table3_national.dta saved

. export delimited "${tables}/table3_national.csv", replace
(file
    c:\Users\wb532966\eb-local\seminar-coding-with-ai-demo-prep/Output/Tables
    > /table3_national.csv not found)
file c:\Users\wb532966\eb-local\seminar-coding-with-ai-demo-prep/Output/Tables/
> table3_national.csv saved

. 
. log close
      name:  <unnamed>
       log:  c:\Users\wb532966\eb-local\seminar-coding-with-ai-demo-prep/Data/T
> emp/05_analysis_national.log
  log type:  text
 closed on:   5 Feb 2026, 09:45:30
-------------------------------------------------------------------------------
